2026-10-01 17:41:51 INFO  [main] traceId= spanId= c.s.e.i.InventoryServiceApplication : Starting InventoryServiceApplication using Java 25.0.1 with PID 26672 (D:\Live Batches\micro_devops\easy_busy\inventory-service\inventory-service\target\classes started by DurgeshLap in D:\Live Batches\micro_devops\easy_busy)
2026-10-01 17:41:51 INFO  [main] traceId= spanId= c.s.e.i.InventoryServiceApplication : The following 1 profile is active: "dev"
2026-10-01 17:41:51 INFO  [main] traceId= spanId= o.s.c.c.c.ConfigServerConfigDataLoader : Fetching config from server at : http://localhost:8079
2026-10-01 17:41:51 INFO  [main] traceId= spanId= o.s.c.c.c.ConfigServerConfigDataLoader : Located environment: name=INVENTORY-SERVICE, profiles=[default], label=null, version=e9c8ddaaa507e29c792703f18f53aff3af15532f, state=
2026-10-01 17:41:51 INFO  [main] traceId= spanId= o.s.c.c.c.ConfigServerConfigDataLoader : Fetching config from server at : http://localhost:8079
2026-10-01 17:41:51 INFO  [main] traceId= spanId= o.s.c.c.c.ConfigServerConfigDataLoader : Located environment: name=INVENTORY-SERVICE, profiles=[dev], label=null, version=e9c8ddaaa507e29c792703f18f53aff3af15532f, state=
2026-10-01 17:41:53 INFO  [main] traceId= spanId= o.s.d.r.c.RepositoryConfigurationDelegate : Bootstrapping Spring Data JPA repositories in DEFAULT mode.
2026-10-01 17:41:54 INFO  [main] traceId= spanId= o.s.d.r.c.RepositoryConfigurationDelegate : Finished Spring Data repository scanning in 322 ms. Found 1 JPA repository interface.
2026-10-01 17:41:54 INFO  [main] traceId= spanId= o.s.cloud.context.scope.GenericScope : BeanFactory id=7a43f307-bfd0-3a15-b673-87ce7987959a
2026-10-01 17:41:55 INFO  [main] traceId= spanId= o.s.boot.tomcat.TomcatWebServer : Tomcat initialized with port 8083 (http)
2026-10-01 17:41:55 INFO  [main] traceId= spanId= o.a.catalina.core.StandardService : Starting service [Tomcat]
2026-10-01 17:41:55 INFO  [main] traceId= spanId= o.a.catalina.core.StandardEngine : Starting Servlet engine: [Apache Tomcat/11.0.21]
2026-10-01 17:41:55 INFO  [main] traceId= spanId= o.s.b.w.c.s.WebApplicationContextInitializer : Root WebApplicationContext: initialization completed in 4230 ms
2026-10-01 17:41:56 INFO  [main] traceId= spanId= org.hibernate.orm.jpa : HHH008540: Processing PersistenceUnitInfo [name: default]
2026-10-01 17:41:56 INFO  [main] traceId= spanId= org.hibernate.orm.core : HHH000001: Hibernate ORM core version 7.2.12.Final
2026-10-01 17:41:58 INFO  [main] traceId= spanId= o.s.o.j.p.SpringPersistenceUnitInfo : No LoadTimeWeaver setup: ignoring JPA class transformer
2026-10-01 17:41:58 INFO  [main] traceId= spanId= com.zaxxer.hikari.HikariDataSource : HikariPool-1 - Starting...
2026-10-01 17:41:58 INFO  [main] traceId= spanId= com.zaxxer.hikari.pool.HikariPool : HikariPool-1 - Added connection com.mysql.cj.jdbc.ConnectionImpl@4b5d2a4c
2026-10-01 17:41:58 INFO  [main] traceId= spanId= com.zaxxer.hikari.HikariDataSource : HikariPool-1 - Start completed.
2026-10-01 17:41:59 INFO  [main] traceId= spanId= o.hibernate.orm.connections.pooling : HHH10001005: Database info:
	Database JDBC URL [jdbc:mysql://localhost:3306/micro_devops?useSSL=false&allowPublicKeyRetrieval=true]
	Database driver: MySQL Connector/J
	Database dialect: MySQLDialect
	Database version: 8.0.45
	Default catalog/schema: micro_devops/undefined
	Autocommit mode: undefined/unknown
	Isolation level: REPEATABLE_READ [default REPEATABLE_READ]
	JDBC fetch size: none
	Pool: DataSourceConnectionProvider
	Minimum pool size: undefined/unknown
	Maximum pool size: undefined/unknown
2026-10-01 17:42:01 INFO  [main] traceId= spanId= org.hibernate.orm.core : HHH000489: No JTA platform available (set 'hibernate.transaction.jta.platform' to enable JTA platform integration)
2026-10-01 17:42:01 INFO  [main] traceId= spanId= o.s.o.j.LocalContainerEntityManagerFactoryBean : Initialized JPA EntityManagerFactory for persistence unit 'default'
2026-10-01 17:42:02 INFO  [main] traceId= spanId= o.s.d.j.r.q.QueryEnhancerFactories : Hibernate is in classpath; If applicable, HQL parser will be used.
2026-10-01 17:42:04 INFO  [main] traceId= spanId= o.s.c.o.FeignClientFactoryBean : For 'CART-ORDER-SERVICE' URL not provided. Will try picking an instance via load-balancing.
2026-10-01 17:42:04 INFO  [main] traceId= spanId= o.s.c.o.FeignClientFactoryBean : For 'PRODUCT-SERVICE' URL not provided. Will try picking an instance via load-balancing.
2026-10-01 17:42:05 INFO  [main] traceId= spanId= o.s.c.n.e.c.DiscoveryClientOptionalArgsConfiguration : Eureka HTTP Client uses RestClient.
2026-10-01 17:42:05 WARN  [main] traceId= spanId= o.s.c.l.c.LoadBalancerCacheAutoConfiguration$LoadBalancerCaffeineWarnLogger : Spring Cloud LoadBalancer is currently working with the default cache. While this cache implementation is useful for development and tests, it's recommended to use Caffeine cache in production.You can switch to using Caffeine cache, by adding it and org.springframework.cache.caffeine.CaffeineCacheManager to the classpath.
2026-10-01 17:42:05 INFO  [main] traceId= spanId= o.s.b.a.e.web.EndpointLinksResolver : Exposing 17 endpoints beneath base path '/actuator'
2026-10-01 17:42:06 INFO  [main] traceId= spanId= o.s.c.n.eureka.InstanceInfoFactory : Setting initial instance status as: STARTING
2026-10-01 17:42:06 INFO  [main] traceId= spanId= c.netflix.discovery.DiscoveryClient : Initializing Eureka in region us-east-1
2026-10-01 17:42:06 INFO  [main] traceId= spanId= c.n.d.s.r.aws.ConfigClusterResolver : Resolving eureka endpoints via configuration
2026-10-01 17:42:06 INFO  [main] traceId= spanId= c.netflix.discovery.DiscoveryClient : Disable delta property : false
2026-10-01 17:42:06 INFO  [main] traceId= spanId= c.netflix.discovery.DiscoveryClient : Single vip registry refresh property : null
2026-10-01 17:42:06 INFO  [main] traceId= spanId= c.netflix.discovery.DiscoveryClient : Force full registry fetch : false
2026-10-01 17:42:06 INFO  [main] traceId= spanId= c.netflix.discovery.DiscoveryClient : Application is null : false
2026-10-01 17:42:06 INFO  [main] traceId= spanId= c.netflix.discovery.DiscoveryClient : Registered Applications size is zero : true
2026-10-01 17:42:06 INFO  [main] traceId= spanId= c.netflix.discovery.DiscoveryClient : Application version is -1: true
2026-10-01 17:42:06 INFO  [main] traceId= spanId= c.netflix.discovery.DiscoveryClient : Getting all instance registry info from the eureka server
2026-10-01 17:42:06 INFO  [main] traceId= spanId= c.netflix.discovery.DiscoveryClient : The response status is 200
2026-10-01 17:42:06 INFO  [main] traceId= spanId= c.netflix.discovery.DiscoveryClient : Starting heartbeat executor: renew interval is: 30
2026-10-01 17:42:06 INFO  [main] traceId= spanId= c.n.discovery.InstanceInfoReplicator : InstanceInfoReplicator onDemand update allowed rate per min is 4
2026-10-01 17:42:06 INFO  [main] traceId= spanId= c.netflix.discovery.DiscoveryClient : Discovery Client initialized at timestamp 1790856726990 with initial instances count: 6
2026-10-01 17:42:06 INFO  [main] traceId= spanId= o.s.c.n.e.s.EurekaServiceRegistry : Registering application INVENTORY-SERVICE with eureka with status UP
2026-10-01 17:42:06 INFO  [main] traceId= spanId= c.netflix.discovery.DiscoveryClient : Saw local status change event StatusChangeEvent [timestamp=1790856726998, current=UP, previous=STARTING]
2026-10-01 17:42:07 INFO  [DiscoveryClient-InstanceInfoReplicator-%d] traceId= spanId= c.netflix.discovery.DiscoveryClient : DiscoveryClient_INVENTORY-SERVICE/LAPTOP-UJ0KBI4K.mshome.net:INVENTORY-SERVICE:8083: registering service...
2026-10-01 17:42:07 INFO  [DiscoveryClient-InstanceInfoReplicator-%d] traceId= spanId= c.netflix.discovery.DiscoveryClient : DiscoveryClient_INVENTORY-SERVICE/LAPTOP-UJ0KBI4K.mshome.net:INVENTORY-SERVICE:8083 - registration status: 204
2026-10-01 17:42:07 INFO  [main] traceId= spanId= o.s.boot.tomcat.TomcatWebServer : Tomcat started on port 8083 (http) with context path '/'
2026-10-01 17:42:07 INFO  [main] traceId= spanId= o.s.c.n.e.s.EurekaAutoServiceRegistration : Updating port to 8083
2026-10-01 17:42:07 INFO  [main] traceId= spanId= o.a.k.common.config.AbstractConfig : ConsumerConfig values: 
	allow.auto.create.topics = true
	auto.commit.interval.ms = 5000
	auto.offset.reset = earliest
	bootstrap.servers = [localhost:9092]
	check.crcs = true
	client.dns.lookup = use_all_dns_ips
	client.id = consumer-inventory-group-1
	client.rack = 
	connections.max.idle.ms = 540000
	default.api.timeout.ms = 60000
	enable.auto.commit = false
	enable.metrics.push = true
	exclude.internal.topics = true
	fetch.max.bytes = 52428800
	fetch.max.wait.ms = 500
	fetch.min.bytes = 1
	group.id = inventory-group
	group.instance.id = null
	group.protocol = classic
	group.remote.assignor = null
	heartbeat.interval.ms = 3000
	interceptor.classes = []
	internal.leave.group.on.close = true
	internal.throw.on.fetch.stable.offset.unsupported = false
	isolation.level = read_uncommitted
	key.deserializer = class org.apache.kafka.common.serialization.StringDeserializer
	max.partition.fetch.bytes = 1048576
	max.poll.interval.ms = 300000
	max.poll.records = 500
	metadata.max.age.ms = 300000
	metadata.recovery.rebootstrap.trigger.ms = 300000
	metadata.recovery.strategy = rebootstrap
	metric.reporters = [class io.opentelemetry.javaagent.shaded.instrumentation.kafkaclients.common.v0_11.internal.OpenTelemetryMetricsReporter]
	metrics.num.samples = 2
	metrics.recording.level = INFO
	metrics.sample.window.ms = 30000
	partition.assignment.strategy = [class org.apache.kafka.clients.consumer.RangeAssignor, class org.apache.kafka.clients.consumer.CooperativeStickyAssignor]
	receive.buffer.bytes = 65536
	reconnect.backoff.max.ms = 1000
	reconnect.backoff.ms = 50
	request.timeout.ms = 30000
	retry.backoff.max.ms = 1000
	retry.backoff.ms = 100
	sasl.client.callback.handler.class = null
	sasl.jaas.config = null
	sasl.kerberos.kinit.cmd = /usr/bin/kinit
	sasl.kerberos.min.time.before.relogin = 60000
	sasl.kerberos.service.name = null
	sasl.kerberos.ticket.renew.jitter = 0.05
	sasl.kerberos.ticket.renew.window.factor = 0.8
	sasl.login.callback.handler.class = null
	sasl.login.class = null
	sasl.login.connect.timeout.ms = null
	sasl.login.read.timeout.ms = null
	sasl.login.refresh.buffer.seconds = 300
	sasl.login.refresh.min.period.seconds = 60
	sasl.login.refresh.window.factor = 0.8
	sasl.login.refresh.window.jitter = 0.05
	sasl.login.retry.backoff.max.ms = 10000
	sasl.login.retry.backoff.ms = 100
	sasl.mechanism = GSSAPI
	sasl.oauthbearer.assertion.algorithm = RS256
	sasl.oauthbearer.assertion.claim.aud = null
	sasl.oauthbearer.assertion.claim.exp.seconds = 300
	sasl.oauthbearer.assertion.claim.iss = null
	sasl.oauthbearer.assertion.claim.jti.include = false
	sasl.oauthbearer.assertion.claim.nbf.seconds = 60
	sasl.oauthbearer.assertion.claim.sub = null
	sasl.oauthbearer.assertion.file = null
	sasl.oauthbearer.assertion.private.key.file = null
	sasl.oauthbearer.assertion.private.key.passphrase = null
	sasl.oauthbearer.assertion.template.file = null
	sasl.oauthbearer.client.credentials.client.id = null
	sasl.oauthbearer.client.credentials.client.secret = null
	sasl.oauthbearer.clock.skew.seconds = 30
	sasl.oauthbearer.expected.audience = null
	sasl.oauthbearer.expected.issuer = null
	sasl.oauthbearer.header.urlencode = false
	sasl.oauthbearer.jwks.endpoint.refresh.ms = 3600000
	sasl.oauthbearer.jwks.endpoint.retry.backoff.max.ms = 10000
	sasl.oauthbearer.jwks.endpoint.retry.backoff.ms = 100
	sasl.oauthbearer.jwks.endpoint.url = null
	sasl.oauthbearer.jwt.retriever.class = class org.apache.kafka.common.security.oauthbearer.DefaultJwtRetriever
	sasl.oauthbearer.jwt.validator.class = class org.apache.kafka.common.security.oauthbearer.DefaultJwtValidator
	sasl.oauthbearer.scope = null
	sasl.oauthbearer.scope.claim.name = scope
	sasl.oauthbearer.sub.claim.name = sub
	sasl.oauthbearer.token.endpoint.url = null
	security.protocol = PLAINTEXT
	security.providers = null
	send.buffer.bytes = 131072
	session.timeout.ms = 45000
	share.acknowledgement.mode = implicit
	socket.connection.setup.timeout.max.ms = 30000
	socket.connection.setup.timeout.ms = 10000
	ssl.cipher.suites = null
	ssl.enabled.protocols = [TLSv1.2, TLSv1.3]
	ssl.endpoint.identification.algorithm = https
	ssl.engine.factory.class = null
	ssl.key.password = null
	ssl.keymanager.algorithm = SunX509
	ssl.keystore.certificate.chain = null
	ssl.keystore.key = null
	ssl.keystore.location = null
	ssl.keystore.password = null
	ssl.keystore.type = JKS
	ssl.protocol = TLSv1.3
	ssl.provider = null
	ssl.secure.random.implementation = null
	ssl.trustmanager.algorithm = PKIX
	ssl.truststore.certificates = null
	ssl.truststore.location = null
	ssl.truststore.password = null
	ssl.truststore.type = JKS
	value.deserializer = class org.springframework.kafka.support.serializer.JsonDeserializer

2026-10-01 17:42:07 INFO  [main] traceId= spanId= o.a.k.c.t.i.KafkaMetricsCollector : initializing Kafka metrics collector
2026-10-01 17:42:07 INFO  [main] traceId= spanId= o.a.kafka.common.utils.AppInfoParser : Kafka version: 4.1.2
2026-10-01 17:42:07 INFO  [main] traceId= spanId= o.a.kafka.common.utils.AppInfoParser : Kafka commitId: c82fd9b934b4c1e6
2026-10-01 17:42:07 INFO  [main] traceId= spanId= o.a.kafka.common.utils.AppInfoParser : Kafka startTimeMs: 1790856727609
2026-10-01 17:42:07 INFO  [main] traceId= spanId= o.a.k.c.c.i.ClassicKafkaConsumer : [Consumer clientId=consumer-inventory-group-1, groupId=inventory-group] Subscribed to topic(s): payment-topic
2026-10-01 17:42:07 INFO  [main] traceId= spanId= c.s.e.i.InventoryServiceApplication : Started InventoryServiceApplication in 21.951 seconds (process running for 26.863)
2026-10-01 17:42:08 INFO  [org.springframework.kafka.KafkaListenerEndpointContainer#0-0-C-1] traceId= spanId= org.apache.kafka.clients.Metadata : [Consumer clientId=consumer-inventory-group-1, groupId=inventory-group] Cluster ID: 5L6g3nShT-eMCtK--X86sw
2026-10-01 17:42:08 INFO  [org.springframework.kafka.KafkaListenerEndpointContainer#0-0-C-1] traceId= spanId= o.a.k.c.c.i.ConsumerCoordinator : [Consumer clientId=consumer-inventory-group-1, groupId=inventory-group] Discovered group coordinator localhost:9092 (id: 2147483646 rack: null isFenced: false)
2026-10-01 17:42:08 INFO  [org.springframework.kafka.KafkaListenerEndpointContainer#0-0-C-1] traceId= spanId= o.a.k.c.c.i.ConsumerCoordinator : [Consumer clientId=consumer-inventory-group-1, groupId=inventory-group] (Re-)joining group
2026-10-01 17:42:08 INFO  [org.springframework.kafka.KafkaListenerEndpointContainer#0-0-C-1] traceId= spanId= o.a.k.c.c.i.ConsumerCoordinator : [Consumer clientId=consumer-inventory-group-1, groupId=inventory-group] Request joining group due to: need to re-join with the given member-id: consumer-inventory-group-1-31e29d26-6879-4530-9f1c-b23977ac7eb1
2026-10-01 17:42:08 INFO  [org.springframework.kafka.KafkaListenerEndpointContainer#0-0-C-1] traceId= spanId= o.a.k.c.c.i.ConsumerCoordinator : [Consumer clientId=consumer-inventory-group-1, groupId=inventory-group] (Re-)joining group
2026-10-01 17:42:11 INFO  [org.springframework.kafka.KafkaListenerEndpointContainer#0-0-C-1] traceId= spanId= o.a.k.c.c.i.ConsumerCoordinator : [Consumer clientId=consumer-inventory-group-1, groupId=inventory-group] Successfully joined group with generation Generation{generationId=5, memberId='consumer-inventory-group-1-31e29d26-6879-4530-9f1c-b23977ac7eb1', protocol='range'}
2026-10-01 17:42:11 INFO  [org.springframework.kafka.KafkaListenerEndpointContainer#0-0-C-1] traceId= spanId= o.a.k.c.c.i.ConsumerCoordinator : [Consumer clientId=consumer-inventory-group-1, groupId=inventory-group] Finished assignment for group at generation 5: {consumer-inventory-group-1-31e29d26-6879-4530-9f1c-b23977ac7eb1=Assignment(partitions=[payment-topic-0])}
2026-10-01 17:42:11 INFO  [org.springframework.kafka.KafkaListenerEndpointContainer#0-0-C-1] traceId= spanId= o.a.k.c.c.i.ConsumerCoordinator : [Consumer clientId=consumer-inventory-group-1, groupId=inventory-group] Successfully synced group in generation Generation{generationId=5, memberId='consumer-inventory-group-1-31e29d26-6879-4530-9f1c-b23977ac7eb1', protocol='range'}
2026-10-01 17:42:11 INFO  [org.springframework.kafka.KafkaListenerEndpointContainer#0-0-C-1] traceId= spanId= o.a.k.c.c.i.ConsumerCoordinator : [Consumer clientId=consumer-inventory-group-1, groupId=inventory-group] Notifying assignor about the new Assignment(partitions=[payment-topic-0])
2026-10-01 17:42:11 INFO  [org.springframework.kafka.KafkaListenerEndpointContainer#0-0-C-1] traceId= spanId= o.a.k.c.c.i.ConsumerRebalanceListenerInvoker : [Consumer clientId=consumer-inventory-group-1, groupId=inventory-group] Adding newly assigned partitions: [payment-topic-0]
2026-10-01 17:42:11 INFO  [org.springframework.kafka.KafkaListenerEndpointContainer#0-0-C-1] traceId= spanId= o.a.k.c.c.internals.ConsumerUtils : Setting offset for partition payment-topic-0 to the committed offset FetchPosition{offset=3, offsetEpoch=Optional.empty, currentLeader=LeaderAndEpoch{leader=Optional[localhost:9092 (id: 1 rack: null isFenced: false)], epoch=22}}
2026-10-01 17:42:11 INFO  [org.springframework.kafka.KafkaListenerEndpointContainer#0-0-C-1] traceId= spanId= o.s.k.l.KafkaMessageListenerContainer : inventory-group: partitions assigned: [payment-topic-0]
2026-10-01 17:47:06 INFO  [AsyncResolver-bootstrap-executor-%d] traceId= spanId= c.n.d.s.r.aws.ConfigClusterResolver : Resolving eureka endpoints via configuration
